004831 .listboxtxt19
004821 .listboxtxt18
004811 .listboxtxt17
004801 .listboxtxt16
0047F1 .listboxtxt15
0047E1 .listboxtxt14
0047D1 .listboxtxt13
0047C1 .listboxtxt12
0047B1 .listboxtxt11
0047A1 .listboxtxt10
004791 .listboxtxt09
004781 .listboxtxt08
004771 .listboxtxt07
004761 .listboxtxt06
004751 .listboxtxt05
004741 .listboxtxt04
004731 .listboxtxt03
004721 .listboxtxt02
004711 .listboxtxt01
004701 .listboxtxt00
0044E8 .radiobuttongroupindex
00463C .listboxtxt
004613 .btntxt_button2
00460A .btntxt_button1
004601 .btntxt_button0
004633 .bkgtxt_radiobutton
00462A .bkgtxt_checkbox
004623 .bkgtxt_volume
0044B6 .label2_data
00461C .bkgtxt_sample
0044B4 .label1_data
0044CE .listbox1_data
004497 .listbox1
00447D .scrollbar1track
0044C8 .button2_data
004464 .scrollbar1button2
0044E9 .scrollbar1_listeners
0044C2 .button1_data
00444B .scrollbar1button1
004507 .radiobutton3_listeners
0044E3 .radiobutton3_data
004431 .radiobutton3
0044FD .radiobutton2_listeners
0044DE .radiobutton2_data
004418 .radiobutton2
0044F3 .radiobutton1_listeners
0044D9 .radiobutton1_data
0043FF .radiobutton1
0043E6 .radiolabel3
0043CD .radiolabel2
0044BA .radiobuttonlabel_data
0043B4 .radiolabel1
0044D6 .checkbox2_data
00439A .checkbox2
0044D3 .checkbox1_data
004381 .checkbox1
004368 .checkboxlabel2
0044B8 .checkboxlabel_data
00434F .checkboxlabel1
0044C0 .ctextbutton3_data
004335 .textbutton3
0044BE .ctextbutton2_data
00431C .textbutton2
0044BC .ctextbutton1_data
004303 .textbutton1
0044B3 .scrollbar1_data
00444B .scrollbar1elements
0042E9 .scrollbar1
004497 .nineslice1elements
0042D0 .nineslice1
0042B6 .debugelement2
0043B4 .radiobtnarea1
00429C .debugelement6
00434F .checkboxarea1
004283 .debugelement5
004303 .cbuttonarea1
00426A .debugelement4
0042D0 .scrollarea1
004251 .debugelement3
0044B1 .uilogo_data
004237 .ui_logo
0042B6 .window2area
00421E .ui_windows2
004251 .window1area
004203 .dummy_listeners
004201 .dummy_data
004189 .uiradiobutton_selected
00410F .uilistbox_drawlistreleased_end
0040A1 .uilistbox_drawlistreleased_loop
004063 .uilistbox_drawlistreleased
004037 .uilistbox_drawbkgreleased
003FF9 .uilistbox_current_draw_pos
003FF8 .uilistbox_startpos
003FF7 .uilistbox_selected_index
003F7A .uinineslice_drawreleased
003F0D .uiscrollpuck_draw_released
003EA6 .uiscrolltrack_draw_released
003E3C .uiscrollbar_setposition
003E29 .uiscrollbar_decrease
003E4A .uiscrollbar_confine
003E16 .uiscrollbar_increase
003D04 .uicbutton_draw_pressed
003C80 .uicbutton_draw_released
003B74 .uibutton_draw_pressed
003BA2 .uibutton_draw_released
003AD2 .ui_sbl
003AB2 .uielement_listeners
003A46 .uimouse_calculate_pos_in_uielement
0039FA .uimouse_handle_move
0039D6 .mhe_mouse_didnt_move
0039D3 .mhe_mouse_moved
003A1E .uimouse_handle_release
003A38 .uimouse_handle_press
0039A9 .mhe_notpressed
0039B1 .mhe_handle_children
003A1A .uimouse_handle_enter
00399F .mhe_notentered
003994 .mhe_entered
003967 .mhe_loop_prehoverwindows
003928 .uimouse_handle_event_loop
0038D3 .uimouse_test_minmax
003923 .uimouse_handle_event
003847 .uimouse_update_sprite
0037B0 .uimouse_captured_element
0036B0 .uimouse_prevhoverwindows
0035B0 .uimouse_hoverwindows
0035AE .uimouse_uielement_ypos
0035AC .uimouse_uielement_xpos
00352E .uidebug_drawelement
00352D .uidebug_debugcolour
0034B9 .hextodec_normalized
0034A9 .hextodec
003872 .uimouse_update
00348B .uihelper_store_minxy
003419 .uistack_peekparent
0033E8 .uistack_popparent
0033B7 .uistack_pushparent
0033B6 .uistackptr
0032B6 .uistack
0032B3 .uielement_temp
0032B2 .uielement_prevhoverwindowcounter
0032B0 .uielement_counter
0032AE .uielement_parent_ptr
00343B .ui_draw_windows
0032B1 .uielement_hoverwindowcounter
0032AC .uielement_ptr
004205 .ui_windows1
0037B2 .uimouse_init
003263 .ntsc
00326D .pal
00327F .verticalcenter
003197 .uidraw_deflate
0034FB .times160tablehi
0034C9 .times160tablelo
00311C .uidraw_set_draw_position
003101 .uidraw_increase_row
0031CB .clearscreenjob
0030DC .uidraw_clearscreen
0030DB .uidraw_ydeflate
0030DA .uidraw_xdeflate
0030D9 .uidraw_yposoffset
0030D8 .uidraw_xposoffset
0030D7 .uidraw_height
0030D6 .uidraw_width
0030D5 .uidraw_ypos
0030D4 .uidraw_xpos
00308F .uirect_deflate
0032B5 .uielement_layoutypos
0032B4 .uielement_layoutxpos
002FF9 .uirect_calcminmax
002FF8 .uirect_ydeflate
002FF7 .uirect_xdeflate
002EF7 .ui_textremap
002EEA .ui_getelementlistenersptr_3
002EDB .ui_getelementdataptr_tmp
002ECE .ui_getelementdataptr_1
0041BD .uiimage_move
004167 .uiradiobutton_move
00411A .uicheckbox_move
00400A .uilistbox_move
003F79 .uinineslice_move
003F36 .uilabel_move
003E6F .uiscrolltrack_move
003E15 .uiscrollbar_move
003DA5 .uictextbutton_move
003BED .uicbutton_move
003B73 .uibutton_move
003B37 .uiwindow_move
003B1A .uidebugelement_move
003AB1 .uielement_move
002EB0 .uieventptrs_move
002E9D .uievent_move
0041F0 .uiimage_release
004195 .uiradiobutton_release
004143 .uicheckbox_release
004013 .uilistbox_release
003F78 .uinineslice_release
003F62 .uilabel_release
003EA2 .uiscrolltrack_release
003E14 .uiscrollbar_release
003DEC .uictextbutton_release
003C6A .uicbutton_release
003B50 .uibutton_release
003B33 .uiwindow_release
003B0E .uidebugelement_release
003AA8 .uielement_release
002E7F .uieventptrs_release
002E6C .uievent_release
0041EC .uiimage_press
004191 .uiradiobutton_press
00413F .uicheckbox_press
004012 .uilistbox_press
003F77 .uinineslice_press
003F61 .uilabel_press
003E7F .uiscrolltrack_press
003E13 .uiscrollbar_press
003DE5 .uictextbutton_press
003C63 .uicbutton_press
003B49 .uibutton_press
003B2F .uiwindow_press
003B02 .uidebugelement_press
003A9F .uielement_press
002E4E .uieventptrs_press
002E3B .uievent_press
0041B9 .uiimage_leave
004163 .uiradiobutton_leave
004116 .uicheckbox_leave
004006 .uilistbox_leave
003F6F .uinineslice_leave
003F35 .uilabel_leave
003E6B .uiscrolltrack_leave
003E0E .uiscrollbar_leave
003D9E .uictextbutton_leave
003BE6 .uicbutton_leave
003B3E .uibutton_leave
003B27 .uiwindow_leave
003AED .uidebugelement_leave
003A9D .uielement_leave
002E1D .uieventptrs_leave
002E0A .uievent_leave
0041B8 .uiimage_enter
004162 .uiradiobutton_enter
004115 .uicheckbox_enter
004002 .uilistbox_enter
003F6B .uinineslice_enter
003F34 .uilabel_enter
003E6A .uiscrolltrack_enter
003E0A .uiscrollbar_enter
003D9A .uictextbutton_enter
003BE2 .uicbutton_enter
003B3D .uibutton_enter
003B23 .uiwindow_enter
003AE1 .uidebugelement_enter
003A86 .uielement_enter
002DEC .uieventptrs_enter
002DD9 .uievent_enter
0041B7 .uiimage_focus
004161 .uiradiobutton_focus
004114 .uicheckbox_focus
003FFE .uilistbox_focus
003F67 .uinineslice_focus
003F33 .uilabel_focus
003E69 .uiscrolltrack_focus
003E06 .uiscrollbar_focus
003D99 .uictextbutton_focus
003BE1 .uicbutton_focus
003B3C .uibutton_focus
003B1F .uiwindow_focus
003ADD .uidebugelement_focus
003A85 .uielement_focus
002DBB .uieventptrs_focus
002DA8 .uievent_focus
0041BE .uiimage_draw
004168 .uiradiobutton_draw
00411B .uicheckbox_draw
00400B .uilistbox_draw
003F73 .uinineslice_draw
003F37 .uilabel_draw
003E78 .uiscrolltrack_draw
003E12 .uiscrollbar_draw
003DA6 .uictextbutton_draw
003BEE .uicbutton_draw
003B45 .uibutton_draw
003B2B .uiwindow_draw
003AF9 .uidebugelement_draw
003A9E .uielement_draw
002D8A .uieventptrs_draw
002D77 .uievent_draw
0041B3 .uiimage_layout
00415D .uiradiobutton_layout
004110 .uicheckbox_layout
003FFA .uilistbox_layout
003F63 .uinineslice_layout
003F2F .uilabel_layout
003E65 .uiscrolltrack_layout
003E02 .uiscrollbar_layout
003D88 .uictextbutton_layout
003BD0 .uicbutton_layout
003B38 .uibutton_layout
003B1B .uiwindow_layout
003AD9 .uidebugelement_layout
003A71 .uielement_layout
002D59 .uieventptrs_layout
002D46 .uievent_layout
002D26 .ui_element_indiceshi
002D06 .ui_element_indiceslo
002D02 .q160
002D01 .uicounter
002C76 .pde1
002C71 .processdirentry
002C4E .sdcod2
002C3D .sdcod1
002C5B .sdc_opendir_error
002C14 .sdcdd2e1
002C1B .sdc_error
002BF7 .sdc_doesdrive2exist
002BF4 .mcd_zero
002BDB .mcd_negative
002BB5 .mcynegative
002B90 .mcxnegative
002B77 .mouse_check_end
002B5C .mouse_event_pressed
002B99 .mouse_constrain_y
002B78 .mouse_constrain_x
002BBE .mouse_count_delta
002A9C .mouse_update
002A9A .mouse_released
002A99 .mouse_held
002A98 .mouse_pressed
002A96 .mouse_pressed_timer
002A94 .mouse_ypos_pressed
002A92 .mouse_prevypos
002A90 .mouse_ypos
002A8E .mouse_ypos_plusborder
002A8C .mouse_xpos_pressed
002A8A .mouse_prevxpos
002A88 .mouse_xpos
002A86 .mouse_xpos_plusborder
002A85 .mouse_paddley
002A84 .mouse_paddlex
002A83 .mouse_temp2
002A82 .mouse_temp1
002A62 .mouse_delta_adjust
002A52 .fl_sector_read_dmalist
002A2C .fl_data_read_dmalist
0029C1 .fl_2nd_half_partial_sector
0029CC .fl_2nd_half_full_sector
0029CC .fl_dma_read_bytes
0029A0 .fl_1st_half_partial_sector
0029AB .fl_1st_half_full_sector
002A33 .fl_read_page
00298D .fl_read_from_first_half
0029AE .fl_read_from_second_half
002A31 .fl_bytes_to_copy
002974 .fl_on_second_side
00294B .fl_logical_to_physical_sector
002944 .fl_not_end_of_file
002939 .fl_step_track
00292D .fl_not_prev_sector
0028FA .fl_step_out
002903 .fl_step_in
00290C .fl_on_correct_track
0028E1 .fl_load_next_dir_sector
0028CB .fl_checked_both_halves
0028B7 .fl_end_of_name
00293E .fl_read_next_sector
002898 .fl_file_in_2nd_logical_sector
002882 .fl_found_file
0028AE .fl_filename_differs
002874 .fl_check_loop_inner
002872 .fl_filenamecheckloop
002870 .fl_check_logical_sector
002874 .fl_buffaddr
00285D .fl_stop_collect_dir_entries
002833 .fl_cde_checked_both_halves
0027F1 .fl_cde_loop
002A3D .fl_copy_sector_to_buffer
00289F .fl_got_file_track_and_sector
0027E3 .next_entry
0027C5 .fl_fde_loop
0027BD .fl_find_dir_entry
0027BC .fl_char1
0027BB .fl_char0
0027EA .fl_cde_idx
00280B .fl_cde_buffaddr4
002803 .fl_cde_buffaddr3
0027FB .fl_cde_buffaddr2
0027F3 .fl_cde_buffaddr1
002770 .fl_read_dir_for_ui
0028E5 .fl_read_sector
00274F .fl_select_side0
002744 .fl_select_side1
00273E .fl_not_on_track_0
0027EB .fl_collect_dir_entries
002781 .fl_new_dir_request
0028F0 .fl_reading_sector
00272E .fl_seek_track_0
00297E .fl_read_file_block
002863 .fl_directory_scan
00275A .fl_new_request
00272D .fl_idle
00271D .fl_jumptable
002718 .fl_job_ok
002713 .fl_not_in_error_state
00270D .fl_fdc_not_busy
002707 .todo
002601 .fastload_directory_entries
002345 .fl_prev_side
002344 .fl_prev_sector
002343 .fl_prev_track
002342 .fl_file_next_sector
002341 .fl_file_next_track
002340 .fl_current_track
00233F .fastload_request_stashed
002401 .fastload_sector_buffer
0022EA .fl_waiting_done
0022DD .fl_error
00233E .fastload_request
002701 .fastload_irq
00233A .fastload_address
0022BC .fl_set_startaddress
002339 .fastload_filename_len
0022B7 .endofname
0022A8 .filenamecopyloop
002329 .fastload_filename
0022AD .fl_fnptr
002296 .fl_set_filename
00226D .irq2
0034A2 .ui_update
00221D .showdebug
002244 .prevpos
0021F4 .loop
002248 .irq1
003281 .ui_setup
0031EC .ui_init
002A9B .mouse_init
002C2A .sdc_opendir
002C21 .sdc_selectdrive2
002290 .fl_exit
0022D1 .fl_waiting
00228A .fl_init
0022EB .fastload_irq_handler
0031AA .clearcolorramjob
00200F .basicend
